[www.india.gov.in/topics/agriculture/fisheries.html]
[backblue.gif]
[fade.gif]
[index.html]
[www.india.gov.in/modules/system/system.basec09a.css]
[www.india.gov.in/modules/system/system.menusc09a.css]
[www.india.gov.in/modules/system/system.messagesc09a.css]
[www.india.gov.in/sites/all/modules/contributed/calendar/css/calendar_multidayc09a.css]
[www.india.gov.in/sites/all/modules/contributed/date/date_api/datec09a.css]
[www.india.gov.in/sites/all/modules/contributed/date/date_popup/themes/datepicker.1.7c09a.css]
[www.india.gov.in/sites/all/modules/contributed/date/date_repeat_field/date_repeat_fieldc09a.css]
[www.india.gov.in/sites/all/modules/contributed/logintoboggan/logintobogganc09a.css]
[www.india.gov.in/modules/user/userc09a.css]
[www.india.gov.in/sites/all/modules/contributed/fivestar/css/fivestarc09a.css]
[www.india.gov.in/sites/all/themes/adaptivetheme/npi_adaptive/css/font-awesome.minc09a.css]
[www.india.gov.in/sites/all/themes/adaptivetheme/npi_adaptive/css/global.custom.responsivec09a.css]
[www.india.gov.in/sites/all/themes/adaptivetheme/npi_adaptive/css/global.basec09a.css]
[www.india.gov.in/sites/all/themes/adaptivetheme/npi_adaptive/css/global.stylesc09a.css]
[www.india.gov.in/sites/all/themes/adaptivetheme/npi_adaptive/css/printc09a.css]
[www.india.gov.in/sites/upload_files/npi/files/adaptivetheme/npi_adaptive_files/npi_adaptive.default.layoutc09a.css]
[www.india.gov.in/sites/all/themes/adaptivetheme/npi_adaptive/css/override.css]
[www.india.gov.in/sites/all/modules/contributed/jquery_update/replace/jquery/3.1/jquery.min1f7d.js]
[www.india.gov.in/misc/jquery-extend-3.4.01f7d.js]
[www.india.gov.in/misc/jquery-html-prefilter-3.5.0-backport1f7d.js]
[www.india.gov.in/misc/jquery.once7839.js]
[www.india.gov.in/misc/drupalc09a.js]
[www.india.gov.in/sites/all/modules/contributed/jquery_update/replace/ui/external/jquery.cookie1683.js]
[www.india.gov.in/sites/all/modules/contributed/jquery_update/replace/jquery.form/4/jquery.form.min5d5c.js]
[www.india.gov.in/misc/ajax1858.js]
[www.india.gov.in/sites/all/modules/contributed/jquery_update/js/jquery_update241d.js]
[www.india.gov.in/sites/all/modules/contributed/admin_menu/admin_devel/admin_develc09a.js]
[www.india.gov.in/sites/all/modules/customs/hb_documents/hb_documentsc09a.js]
[www.india.gov.in/sites/all/modules/customs/hb_forms/hb_formsc09a.js]
[www.india.gov.in/sites/all/modules/customs/hb_schemes/hb_schemesc09a.js]
[www.india.gov.in/sites/all/modules/customs/webform_email_reply/scriptc09a.js]
[www.india.gov.in/misc/progress1858.js]
[www.india.gov.in/sites/all/modules/contributed/fivestar/js/fivestar.ajaxc09a.js]
[www.india.gov.in/sites/all/modules/contributed/fivestar/js/fivestarc09a.js]
[www.india.gov.in/sites/all/modules/contributed/views/js/basec09a.js]
[www.india.gov.in/sites/all/modules/contributed/views/js/ajax_viewc09a.js]
[www.india.gov.in/sites/all/themes/adaptivetheme/npi_adaptive/scripts/jquery.minc09a.js]
[www.india.gov.in/sites/all/themes/adaptivetheme/npi_adaptive/scripts/customc09a.js]
[maxcdn.bootstrapcdn.com/font-awesome/4.2.0/css/font-awesome.min.css]
[www.india.gov.in/sites/all/themes/adaptivetheme/npi_adaptive/images/twitter.png]
[www.india.gov.in/sites/upload_files/npi/files/newsletter/logo_share.png]
[www.india.gov.in/sites/upload_files/npi/files/logo_1.png]
[www.india.gov.in/sites/all/themes/adaptivetheme/npi_adaptive/images/nav1.png]
[www.india.gov.in/sites/all/themes/adaptivetheme/npi_adaptive/images/nav2.png]
[www.india.gov.in/sites/all/themes/adaptivetheme/npi_adaptive/images/nav3.png]
[www.india.gov.in/sites/all/themes/adaptivetheme/npi_adaptive/images/nav4.png]
[www.india.gov.in/sites/all/themes/adaptivetheme/npi_adaptive/images/nav5.png]
[www.india.gov.in/topics/agriculture/agricultural-licence.html]
[www.india.gov.in/topics/agriculture/agricultural-machinery.html]
[www.india.gov.in/topics/agriculture/agricultural-produces.html]
[www.india.gov.in/topics/agriculture/research-extension.html]
[www.india.gov.in/topics/agriculture/storage.html]
[www.india.gov.in/topics/agriculture/marketing-prices.html]
[www.india.gov.in/topics/agriculture/animal-husbandry.html]
[www.india.gov.in/topics/agriculture/certification-gradation.html]
[www.india.gov.in/topics/agriculture/crops.html]
[www.india.gov.in/topics/agriculture/dairy.html]
[www.india.gov.in/topics/agriculture/fertilizers-pesticides.html]
[www.india.gov.in/topics/agriculture/floriculture.html]
[www.india.gov.in/topics/agriculture/horticulture.html]
[www.india.gov.in/topics/agriculture/irrigation.html]
[www.india.gov.in/topics/agriculture/loans-credit.html]
[www.india.gov.in/topics/agriculture/organic-farming.html]
[www.india.gov.in/topics/agriculture/plant-protection.html]
[www.india.gov.in/topics/agriculture/seeds.html]
[www.india.gov.in/topics/agriculture/sericulture.html]
[www.india.gov.in/topics/agriculture/soil-and-water-conservation.html]
[www.india.gov.in/topics/agriculture/weather.html]
[www.india.gov.in/sites/all/themes/adaptivetheme/npi_adaptive/images/sharefb.png]
[www.india.gov.in/sites/all/themes/adaptivetheme/npi_adaptive/images/sharetw.png]
[www.india.gov.in/topics/agriculture/fisheries2679.html]
[www.india.gov.in/topics/agriculture/fisheries4658.html]
[www.india.gov.in/topics/agriculture/fisheries9ba9.html]
[www.india.gov.in/topics/agriculture/fisheriesfdb0.html]
[www.india.gov.in/sites/all/themes/adaptivetheme/npi_adaptive/images/img-ftr-open-data-portal.png]
[www.india.gov.in/sites/all/themes/adaptivetheme/npi_adaptive/images/pib.png]
[www.india.gov.in/sites/all/themes/adaptivetheme/npi_adaptive/images/nic.png]
[www.india.gov.in/sites/upload_files/npi/files/newsletter/cqw_logo.png]
[www.india.gov.in/topics/agriculture/fisheries.html]
[www.india.gov.in/misc/throbber-inactive.png]
[www.india.gov.in/misc/throbber-active.gif]
[www.india.gov.in/misc/grippie.png]
[www.india.gov.in/misc/draggable.png]
[www.india.gov.in/misc/tree.png]
[www.india.gov.in/misc/tree-bottom.png]
[www.india.gov.in/modules/system/system.basec09a.css]
[www.india.gov.in/misc/menu-expanded.png]
[www.india.gov.in/misc/menu-collapsed.png]
[www.india.gov.in/misc/menu-leaf.png]
[www.india.gov.in/modules/system/system.menusc09a.css]
[www.india.gov.in/misc/message-24-ok.png]
[www.india.gov.in/misc/message-24-warning.png]
[www.india.gov.in/misc/message-24-error.png]
[www.india.gov.in/modules/system/system.messagesc09a.css]
[www.india.gov.in/sites/all/modules/contributed/calendar/css/calendar_multidayc09a.css]
[www.india.gov.in/sites/all/modules/contributed/date/date_api/datec09a.css]
[www.india.gov.in/sites/all/modules/contributed/date/date_popup/themes/datepicker.1.7c09a.css]
[www.india.gov.in/sites/all/modules/contributed/date/date_repeat_field/date_repeat_fieldc09a.css]
[www.india.gov.in/modules/field/theme/fieldc09a.css]
[www.india.gov.in/sites/all/modules/contributed/logintoboggan/logintobogganc09a.css]
[www.india.gov.in/modules/node/nodec09a.css]
[www.india.gov.in/modules/search/searchc09a.css]
[www.india.gov.in/modules/user/userc09a.css]
[www.india.gov.in/sites/all/modules/contributed/views/css/viewsc09a.css]
[www.india.gov.in/sites/all/modules/contributed/ctools/images/status-active.gif]
[www.india.gov.in/sites/all/modules/contributed/ctools/css/ctoolsc09a.css]
[www.india.gov.in/sites/all/modules/contributed/panels/css/panelsc09a.css]
[www.india.gov.in/sites/all/modules/contributed/fivestar/widgets/default/star.gif]
[www.india.gov.in/sites/all/modules/contributed/fivestar/widgets/default/delete.gif]
[www.india.gov.in/sites/all/modules/contributed/fivestar/css/fivestarc09a.css]
[www.india.gov.in/sites/all/modules/contributed/fivestar/widgets/oxygen/star.png]
[www.india.gov.in/sites/all/modules/contributed/fivestar/widgets/oxygen/cancel.png]
[www.india.gov.in/sites/all/modules/contributed/fivestar/widgets/oxygen/oxygenc09a.css]
[www.india.gov.in/sites/all/themes/adaptivetheme/at_core/css/at.layoutc09a.css]
[www.india.gov.in/sites/all/themes/adaptivetheme/npi_adaptive/css/font-awesome.minc09a.css]
[www.india.gov.in/sites/all/themes/adaptivetheme/npi_adaptive/css/global.custom.responsivec09a.css]
[www.india.gov.in/sites/all/themes/adaptivetheme/npi_adaptive/images/Collapse.png]
[www.india.gov.in/sites/all/themes/adaptivetheme/npi_adaptive/css/global.basec09a.css]
[www.india.gov.in/sites/all/themes/adaptivetheme/npi_adaptive/images/bluearroww.png]
[www.india.gov.in/sites/all/themes/adaptivetheme/npi_adaptive/images/naviconn.png]
[www.india.gov.in/sites/all/themes/adaptivetheme/npi_adaptive/images/naviconblue.png]
[www.india.gov.in/sites/all/themes/adaptivetheme/npi_adaptive/images/bg-noise.png]
[www.india.gov.in/sites/all/themes/adaptivetheme/npi_adaptive/images/advarrowup-wh.png]
[www.india.gov.in/sites/all/themes/adaptivetheme/npi_adaptive/images/advarrowdwn.png]
[www.india.gov.in/sites/all/themes/adaptivetheme/npi_adaptive/images/1pxbg.jpg]
[www.india.gov.in/sites/all/themes/adaptivetheme/npi_adaptive/images/TABARROW.png]
[www.india.gov.in/sites/all/themes/adaptivetheme/npi_adaptive/images/arrow.jpg]
[www.india.gov.in/sites/all/themes/adaptivetheme/npi_adaptive/images/topicicon.png]
[www.india.gov.in/sites/all/themes/adaptivetheme/npi_adaptive/images/formsimg.png]
[www.india.gov.in/sites/all/themes/adaptivetheme/npi_adaptive/images/serviceicon.png]
[www.india.gov.in/sites/all/themes/adaptivetheme/npi_adaptive/images/featured.png]
[www.india.gov.in/sites/all/themes/adaptivetheme/npi_adaptive/images/sharearrow.jpg]
[www.india.gov.in/sites/all/themes/adaptivetheme/npi_adaptive/images/miximg.png]
[www.india.gov.in/sites/all/themes/adaptivetheme/npi_adaptive/images/leftborder.jpg]
[www.india.gov.in/sites/all/themes/adaptivetheme/npi_adaptive/images/blackdots.png]
[www.india.gov.in/sites/all/themes/adaptivetheme/npi_adaptive/images/title-arrow.png]
[www.india.gov.in/sites/all/themes/adaptivetheme/npi_adaptive/images/fourdots.png]
[www.india.gov.in/sites/all/themes/adaptivetheme/npi_adaptive/images/backtop.png]
[www.india.gov.in/sites/all/themes/adaptivetheme/npi_adaptive/images/select.png]
[www.india.gov.in/sites/all/themes/adaptivetheme/npi_adaptive/images/sharearrow.png]
[www.india.gov.in/sites/all/themes/adaptivetheme/npi_adaptive/images/dots.png]
[www.india.gov.in/sites/all/themes/adaptivetheme/npi_adaptive/images/close-button.png]
[www.india.gov.in/sites/all/themes/adaptivetheme/npi_adaptive/images/iiconl.png]
[www.india.gov.in/sites/all/themes/adaptivetheme/npi_adaptive/images/drumiconl.png]
[www.india.gov.in/sites/all/themes/adaptivetheme/npi_adaptive/images/whitedots.png]
[www.india.gov.in/sites/all/themes/adaptivetheme/npi_adaptive/images/level3icon1.png]
[www.india.gov.in/sites/all/themes/adaptivetheme/npi_adaptive/images/ico-settings.png]
[www.india.gov.in/sites/all/themes/adaptivetheme/npi_adaptive/images/ico-close.png]
[www.india.gov.in/sites/all/themes/adaptivetheme/npi_adaptive/images/ico-setting.png]
[www.india.gov.in/sites/all/themes/adaptivetheme/npi_adaptive/images/ico-search.png]
[www.india.gov.in/sites/all/themes/adaptivetheme/npi_adaptive/images/dashbordbg.jpg]
[www.india.gov.in/sites/all/themes/adaptivetheme/npi_adaptive/images/pencil-icon.png]
[www.india.gov.in/sites/all/themes/adaptivetheme/npi_adaptive/images/magnify-icon.png]
[www.india.gov.in/sites/all/themes/adaptivetheme/npi_adaptive/images/personalised.png]
[www.india.gov.in/sites/all/themes/adaptivetheme/npi_adaptive/images/dept-col-divider.png]
[www.india.gov.in/sites/all/themes/adaptivetheme/npi_adaptive/images/tabarrow-2.png]
[www.india.gov.in/sites/all/themes/adaptivetheme/npi_adaptive/images/bg_search_top_myGov.png]
[www.india.gov.in/sites/all/themes/adaptivetheme/npi_adaptive/images/advarrowup.png]
[www.india.gov.in/sites/all/themes/adaptivetheme/npi_adaptive/images/search-icon.png]
[www.india.gov.in/sites/all/themes/adaptivetheme/npi_adaptive/images/btmarow.jpg]
[www.india.gov.in/sites/all/themes/adaptivetheme/npi_adaptive/images/arowbtndwn.jpg]
[www.india.gov.in/sites/all/themes/adaptivetheme/npi_adaptive/images/mg_bg.gif]
[www.india.gov.in/sites/all/themes/adaptivetheme/npi_adaptive/images/platinum_trophy.png]
[www.india.gov.in/sites/all/themes/adaptivetheme/npi_adaptive/images/gold_trophy.png]
[www.india.gov.in/sites/all/themes/adaptivetheme/npi_adaptive/images/silver_trophy.png]
[www.india.gov.in/sites/all/themes/adaptivetheme/npi_adaptive/images/tabs.gif]
[www.india.gov.in/sites/all/themes/adaptivetheme/npi_adaptive/images/arrow-home.gif]
[www.india.gov.in/sites/all/themes/adaptivetheme/npi_adaptive/images/do-nw.jpg]
[www.india.gov.in/sites/all/themes/adaptivetheme/npi_adaptive/images/do-nw-h.jpg]
[www.india.gov.in/sites/all/themes/adaptivetheme/npi_adaptive/images/poll-nw.jpg]
[www.india.gov.in/sites/all/themes/adaptivetheme/npi_adaptive/images/poll-nw-h.jpg]
[www.india.gov.in/sites/all/themes/adaptivetheme/npi_adaptive/images/talk-nw.jpg]
[www.india.gov.in/sites/all/themes/adaptivetheme/npi_adaptive/images/talk-nw-h.jpg]
[www.india.gov.in/sites/all/themes/adaptivetheme/npi_adaptive/images/discuss-nw.jpg]
[www.india.gov.in/sites/all/themes/adaptivetheme/npi_adaptive/images/discuss-nw-h.jpg]
[www.india.gov.in/sites/all/themes/adaptivetheme/npi_adaptive/images/bullet-white.png]
[www.india.gov.in/sites/all/themes/adaptivetheme/npi_adaptive/images/icon-feedback.png]
[www.india.gov.in/sites/all/themes/adaptivetheme/npi_adaptive/images/icon-contact.png]
[www.india.gov.in/sites/all/themes/adaptivetheme/npi_adaptive/images/icon-share.png]
[www.india.gov.in/sites/all/themes/adaptivetheme/npi_adaptive/images/icon-facebook.png]
[www.india.gov.in/sites/all/themes/adaptivetheme/npi_adaptive/images/icon-gplus.png]
[www.india.gov.in/sites/all/themes/adaptivetheme/npi_adaptive/images/icon-twitter.png]
[www.india.gov.in/sites/all/themes/adaptivetheme/npi_adaptive/css/global.stylesc09a.css]
[www.india.gov.in/sites/all/themes/adaptivetheme/npi_adaptive/css/printc09a.css]
[www.india.gov.in/sites/upload_files/npi/files/adaptivetheme/npi_adaptive_files/npi_adaptive.default.layoutc09a.css]
[www.india.gov.in/sites/all/themes/adaptivetheme/npi_adaptive/images/arrowylo.png]
[www.india.gov.in/sites/all/themes/adaptivetheme/npi_adaptive/images/fourdotsyl.png]
[www.india.gov.in/sites/all/themes/adaptivetheme/npi_adaptive/images/dotylo.png]
[www.india.gov.in/sites/all/themes/adaptivetheme/npi_adaptive/images/btmbgblack.jpg]
[www.india.gov.in/sites/all/themes/adaptivetheme/npi_adaptive/images/miximgylo.png]
[www.india.gov.in/sites/all/themes/adaptivetheme/npi_adaptive/images/btmbgtwolevelbl.jpg]
[www.india.gov.in/sites/all/themes/adaptivetheme/npi_adaptive/images/leftborderylo.png]
[www.india.gov.in/sites/all/themes/adaptivetheme/npi_adaptive/images/logo_h.png]
[www.india.gov.in/sites/all/themes/adaptivetheme/npi_adaptive/css/override.css]
[maxcdn.bootstrapcdn.com/font-awesome/4.2.0/css/font-awesome.min.css]
[www.india.gov.in/topics/agriculture/agricultural-licence.html]
[www.india.gov.in/topics/agriculture/agricultural-machinery2679.html]
[www.india.gov.in/topics/agriculture/agricultural-machinery.html]
[www.india.gov.in/topics/agriculture/agricultural-produces2679.html]
[www.india.gov.in/topics/agriculture/agricultural-produces4658.html]
[www.india.gov.in/topics/agriculture/agricultural-produces9ba9.html]
[www.india.gov.in/topics/agriculture/agricultural-produces.html]
[www.india.gov.in/topics/agriculture/research-extension2679.html]
[www.india.gov.in/topics/agriculture/research-extension4658.html]
[www.india.gov.in/topics/agriculture/research-extension9ba9.html]
[www.india.gov.in/topics/agriculture/research-extensionfdb0.html]
[www.india.gov.in/topics/agriculture/research-extensionaf4d.html]
[www.india.gov.in/topics/agriculture/research-extension.html]
[www.india.gov.in/topics/agriculture/storage2679.html]
[www.india.gov.in/topics/agriculture/storage.html]
[www.india.gov.in/topics/agriculture/marketing-prices2679.html]
[www.india.gov.in/topics/agriculture/marketing-prices4658.html]
[www.india.gov.in/topics/agriculture/marketing-prices9ba9.html]
[www.india.gov.in/topics/agriculture/marketing-prices.html]
[www.india.gov.in/topics/agriculture/animal-husbandry2679.html]
[www.india.gov.in/topics/agriculture/animal-husbandry4658.html]
[www.india.gov.in/topics/agriculture/animal-husbandry9ba9.html]
[www.india.gov.in/topics/agriculture/animal-husbandryfdb0.html]
[www.india.gov.in/topics/agriculture/animal-husbandryaf4d.html]
[www.india.gov.in/topics/agriculture/animal-husbandryc575.html]
[www.india.gov.in/topics/agriculture/animal-husbandry235c.html]
[www.india.gov.in/topics/agriculture/animal-husbandry.html]
[www.india.gov.in/topics/agriculture/certification-gradation2679.html]
[www.india.gov.in/topics/agriculture/certification-gradation.html]
[www.india.gov.in/topics/agriculture/crops2679.html]
[www.india.gov.in/topics/agriculture/crops4658.html]
[www.india.gov.in/topics/agriculture/crops.html]
[www.india.gov.in/topics/agriculture/dairy2679.html]
[www.india.gov.in/topics/agriculture/dairy.html]
[www.india.gov.in/topics/agriculture/dairy4658.html]
[www.india.gov.in/topics/agriculture/fertilizers-pesticides2679.html]
[www.india.gov.in/topics/agriculture/fertilizers-pesticides.html]
[www.india.gov.in/topics/agriculture/fertilizers-pesticides4658.html]
[www.india.gov.in/topics/agriculture/floriculture.html]
[www.india.gov.in/topics/agriculture/horticulture2679.html]
[www.india.gov.in/topics/agriculture/horticulture.html]
[www.india.gov.in/topics/agriculture/horticulture4658.html]
[www.india.gov.in/topics/agriculture/irrigation2679.html]
[www.india.gov.in/topics/agriculture/irrigation4658.html]
[www.india.gov.in/topics/agriculture/irrigation.html]
[www.india.gov.in/topics/agriculture/loans-credit.html]
[www.india.gov.in/topics/agriculture/loans-credit2679.html]
[www.india.gov.in/topics/agriculture/organic-farming.html]
[www.india.gov.in/topics/agriculture/plant-protection.html]
[www.india.gov.in/topics/agriculture/plant-protection2679.html]
[www.india.gov.in/topics/agriculture/seeds2679.html]
[www.india.gov.in/topics/agriculture/seeds4658.html]
[www.india.gov.in/topics/agriculture/seeds9ba9.html]
[www.india.gov.in/topics/agriculture/seeds.html]
[www.india.gov.in/topics/agriculture/sericulture.html]
[www.india.gov.in/topics/agriculture/soil-and-water-conservation2679.html]
[www.india.gov.in/topics/agriculture/soil-and-water-conservation4658.html]
[www.india.gov.in/topics/agriculture/soil-and-water-conservation.html]
[www.india.gov.in/topics/agriculture/weather2679.html]
[www.india.gov.in/topics/agriculture/weather4658.html]
[www.india.gov.in/topics/agriculture/weather.html]
[www.india.gov.in/topics/agriculture/fisheries2679.html]
[www.india.gov.in/topics/agriculture/fisheries4658.html]
[www.india.gov.in/topics/agriculture/fisheries9ba9.html]
[www.india.gov.in/topics/agriculture/fisheriesfdb0.html]
[www.india.gov.in/sites/all/themes/adaptivetheme/npi_adaptive/image/miximg.html]
[www.india.gov.in/sites/all/themes/adaptivetheme/npi_adaptive/image/select.html]
[www.india.gov.in/sites/all/themes/adaptivetheme/npi_adaptive/images/jquery-slider-theme.html]
[www.india.gov.in/sites/all/themes/adaptivetheme/npi_adaptive/images/sliderarrow.html]
[www.india.gov.in/sites/all/themes/adaptivetheme/npi_adaptive/image/backtop.html]
[www.india.gov.in/sites/all/themes/adaptivetheme/npi_adaptive/images/arrow-blu.html]
[www.india.gov.in/sites/all/themes/adaptivetheme/npi_adaptive/css/images/arrows.html]
[www.india.gov.in/sites/all/themes/adaptivetheme/npi_adaptive/images/high/topicsnav_bg.html]
[www.india.gov.in/sites/all/themes/adaptivetheme/npi_adaptive/images/high/iaagnav_bg_home.html]
[www.india.gov.in/sites/all/themes/adaptivetheme/npi_adaptive/images/high/profilenav_bg.html]
[www.india.gov.in/sites/all/themes/adaptivetheme/npi_adaptive/images/high/profileHomenav_bg.html]
[www.india.gov.in/sites/all/themes/adaptivetheme/npi_adaptive/images/high/bullet_high.html]
[www.india.gov.in/sites/all/themes/adaptivetheme/npi_adaptive/images/bullet_high.html]
[www.india.gov.in/sites/all/themes/adaptivetheme/npi_adaptive/images/bg_body_theme1.html]
[www.india.gov.in/sites/all/themes/adaptivetheme/npi_adaptive/images/main_bg.html]
[www.india.gov.in/sites/all/themes/adaptivetheme/npi_adaptive/images/high/bg_search_top_topics.html]
[www.india.gov.in/sites/all/themes/adaptivetheme/npi_adaptive/images/high/helpleaf.html]
[www.india.gov.in/sites/all/themes/adaptivetheme/npi_adaptive/images/high/bg_iiag_tab_active.html]
[www.india.gov.in/sites/all/themes/adaptivetheme/npi_adaptive/images/high/tab-left.html]
[www.india.gov.in/sites/all/themes/adaptivetheme/npi_adaptive/images/high/tab-right.html]
[www.india.gov.in/sites/all/themes/adaptivetheme/npi_adaptive/images/high/btn_search.html]
[www.india.gov.in/sites/all/themes/adaptivetheme/npi_adaptive/images/high/search_hindi.html]
[www.india.gov.in/sites/all/themes/adaptivetheme/npi_adaptive/images/high/bg_menu_topics.html]
[www.india.gov.in/sites/all/themes/adaptivetheme/npi_adaptive/images/high/bg_menu_common_mo.html]
[www.india.gov.in/sites/all/themes/adaptivetheme/npi_adaptive/images/high/bg_menu_hdid.html]
[www.india.gov.in/sites/all/themes/adaptivetheme/npi_adaptive/images/high/bg_menu_myGovt.html]
[www.india.gov.in/sites/all/themes/adaptivetheme/npi_adaptive/images/high/bg_menu_people_group.html]
[www.india.gov.in/sites/all/themes/adaptivetheme/npi_adaptive/images/high/bg_menu_sub_gov.html]
[www.india.gov.in/sites/all/themes/adaptivetheme/npi_adaptive/images/high/bg_menu_india_glance.html]
[www.india.gov.in/sites/all/themes/adaptivetheme/npi_adaptive/images/high/suggest_tag.html]
[www.india.gov.in/sites/all/themes/adaptivetheme/npi_adaptive/images/high/comments.html]
[www.india.gov.in/sites/all/themes/adaptivetheme/npi_adaptive/images/high/icon_rateit.html]
[www.india.gov.in/sites/all/themes/adaptivetheme/npi_adaptive/images/high/suggest_tag_hn.html]
[www.india.gov.in/sites/all/themes/adaptivetheme/npi_adaptive/images/high/comments_hn.html]
[www.india.gov.in/sites/all/themes/adaptivetheme/npi_adaptive/images/high/skipLinkBorder.html]
[www.india.gov.in/sites/all/themes/adaptivetheme/npi_adaptive/images/high/img_hindi.html]
[www.india.gov.in/sites/all/themes/adaptivetheme/npi_adaptive/images/high/img_english.html]
[www.india.gov.in/topics/agriculture/agricultural-machinery2679.html]
[www.india.gov.in/topics/agriculture/agricultural-produces2679.html]
[www.india.gov.in/topics/agriculture/agricultural-produces4658.html]
[www.india.gov.in/topics/agriculture/agricultural-produces9ba9.html]
[www.india.gov.in/topics/agriculture/research-extension2679.html]
[www.india.gov.in/topics/agriculture/research-extension4658.html]
[www.india.gov.in/topics/agriculture/research-extension9ba9.html]
[www.india.gov.in/topics/agriculture/research-extensionfdb0.html]
[www.india.gov.in/topics/agriculture/research-extensionaf4d.html]
[www.india.gov.in/topics/agriculture/storage2679.html]
[www.india.gov.in/topics/agriculture/marketing-prices2679.html]
[www.india.gov.in/topics/agriculture/marketing-prices4658.html]
[www.india.gov.in/topics/agriculture/marketing-prices9ba9.html]
[www.india.gov.in/topics/agriculture/animal-husbandry2679.html]
[www.india.gov.in/topics/agriculture/animal-husbandry4658.html]
[www.india.gov.in/topics/agriculture/animal-husbandry9ba9.html]
[www.india.gov.in/topics/agriculture/animal-husbandryfdb0.html]
[www.india.gov.in/topics/agriculture/animal-husbandryaf4d.html]
[www.india.gov.in/topics/agriculture/animal-husbandryc575.html]
[www.india.gov.in/topics/agriculture/animal-husbandry235c.html]
[www.india.gov.in/topics/agriculture/certification-gradation2679.html]
[www.india.gov.in/topics/agriculture/crops2679.html]
[www.india.gov.in/topics/agriculture/crops4658.html]
[www.india.gov.in/topics/agriculture/dairy2679.html]
[www.india.gov.in/topics/agriculture/dairy4658.html]
[www.india.gov.in/topics/agriculture/fertilizers-pesticides2679.html]
[www.india.gov.in/topics/agriculture/fertilizers-pesticides4658.html]
[www.india.gov.in/topics/agriculture/horticulture2679.html]
[www.india.gov.in/topics/agriculture/horticulture4658.html]
[www.india.gov.in/topics/agriculture/irrigation2679.html]
[www.india.gov.in/topics/agriculture/irrigation4658.html]
[www.india.gov.in/topics/agriculture/loans-credit2679.html]
[www.india.gov.in/topics/agriculture/plant-protection2679.html]
[www.india.gov.in/topics/agriculture/seeds2679.html]
[www.india.gov.in/topics/agriculture/seeds4658.html]
[www.india.gov.in/topics/agriculture/seeds9ba9.html]
[www.india.gov.in/topics/agriculture/soil-and-water-conservation2679.html]
[www.india.gov.in/topics/agriculture/soil-and-water-conservation4658.html]
[www.india.gov.in/topics/agriculture/weather2679.html]
[www.india.gov.in/topics/agriculture/weather4658.html]
